// Jest Snapshot v1, https://goo.gl/fbAQLP

exports[`NewFeedList component should render correctly 1`] = `
<div>
  <div
    class="py-5 min-h-full"
  >
    <div
      class="h-full flex w-full gap-6"
    >
      <div
        class="hidden lg:flex lg:w-400 col-span-3 flex-col gap-6"
      >
        <div
          class="bg-card border border-gray-800 hover:shadow dark:border-dark-300 w-full rounded-lg"
        >
          <div
            class="p-5 flex flex-row px-4 py-2 justify-between"
          >
            <div
              class="flex items-center gap-4"
            >
              <h3
                class="font-roboto text-sm font-normal"
              >
                New Friends
              </h3>
            </div>
            <div
              class="flex items-center gap-3"
            >
              <button
                class="font-roboto inline-flex items-center justify-center whitespace-nowrap text-sm font-medium ring-offset-background transition-all duration-300 ease-in-out outline-none focus-visible:outline-none disabled:pointer-events-none disabled:opacity-50 focus:border-ring border rounded-full h-10 w-10 hover:bg-muted"
              >
                <svg
                  class="lucide lucide-ellipsis-vertical text-slate-600"
                  fill="none"
                  height="20"
                  stroke="currentColor"
                  stroke-linecap="round"
                  stroke-linejoin="round"
                  stroke-width="2"
                  viewBox="0 0 24 24"
                  width="20"
                  xmlns="http://www.w3.org/2000/svg"
                >
                  <circle
                    cx="12"
                    cy="12"
                    r="1"
                  />
                  <circle
                    cx="12"
                    cy="5"
                    r="1"
                  />
                  <circle
                    cx="12"
                    cy="19"
                    r="1"
                  />
                </svg>
              </button>
            </div>
          </div>
          <div
            class="flex flex-col p-0"
          >
            <div
              class="p-4 flex w-full border-t border-slate-300 dark:border-slate-600 items-center justify-between group cursor-pointer"
            >
              <div
                class="flex items-center gap-3"
              >
                <a
                  class="w-12 h-12 flex items-center justify-center rounded-full"
                  data-state="closed"
                >
                  <span
                    class="relative flex shrink-0 overflow-hidden rounded-full h-10 w-10 bg-current"
                    data-testid="avatar"
                  >
                    <span
                      class="flex h-full w-full items-center justify-center rounded-full bg-muted"
                    >
                      LV
                    </span>
                  </span>
                </a>
                <div
                  class="flex flex-col"
                >
                  <p
                    class="text-foreground text-xs"
                  >
                    Loc thanh Vo
                  </p>
                  <span
                    class="text-4xs text-slate-500"
                  />
                </div>
              </div>
            </div>
          </div>
        </div>
      </div>
      <div
        class="flex w-full flex-col gap-6"
      >
        <div
          class="flex flex-col gap-6"
        >
          <div
            class="flex flex-col gap-6"
          >
            <div
              class="min-h-56"
            />
          </div>
        </div>
      </div>
    </div>
  </div>
</div>
`;
