// Jest Snapshot v1, https://goo.gl/fbAQLP

exports[`GroupsWidget matches snapshot 1`] = `
<div>
  <div
    class="bg-card border border-gray-800 hover:shadow dark:border-dark-300 w-full rounded-lg"
  >
    <div
      class="p-5 flex flex-row px-4 py-2 justify-between"
    >
      <div
        class="flex items-center gap-4"
      >
        <h3
          class="font-roboto text-sm font-normal text-neutral-600 dark:text-gray-100"
        >
          Groups
        </h3>
      </div>
      <div
        class="flex items-center gap-3"
      >
        <button
          aria-label="Create Group"
          class="font-roboto inline-flex items-center justify-center whitespace-nowrap text-sm font-medium ring-offset-background transition-all duration-300 ease-in-out outline-none focus-visible:outline-none disabled:pointer-events-none disabled:opacity-50 focus:border-ring border rounded-full h-10 w-10 hover:bg-muted"
        >
          <svg
            class="lucide lucide-ellipsis-vertical text-slate-600"
            fill="none"
            height="20"
            stroke="currentColor"
            stroke-linecap="round"
            stroke-linejoin="round"
            stroke-width="2"
            viewBox="0 0 24 24"
            width="20"
            xmlns="http://www.w3.org/2000/svg"
          >
            <circle
              cx="12"
              cy="12"
              r="1"
            />
            <circle
              cx="12"
              cy="5"
              r="1"
            />
            <circle
              cx="12"
              cy="19"
              r="1"
            />
          </svg>
        </button>
      </div>
    </div>
    <div
      class="flex flex-col p-0"
    >
      <button
        aria-controls="radix-:r0:"
        aria-expanded="false"
        aria-haspopup="dialog"
        class="p-4 flex w-full text-left border-t border-slate-300 dark:border-slate-600 items-center gap-3 group cursor-pointer"
        data-state="closed"
        type="button"
      >
        <div
          class="flex items-center justify-center rounded-full w-11 h-11 border-2 border-dashed dark:border-white group-hover:border-primary hover:border-solid"
        >
          <svg
            class="lucide lucide-plus dark:text-white text-slate-300 group-hover:text-primary"
            fill="none"
            height="20"
            stroke="currentColor"
            stroke-linecap="round"
            stroke-linejoin="round"
            stroke-width="2"
            viewBox="0 0 24 24"
            width="20"
            xmlns="http://www.w3.org/2000/svg"
          >
            <path
              d="M5 12h14"
            />
            <path
              d="M12 5v14"
            />
          </svg>
        </div>
        <div
          class="flex flex-col"
        >
          <p
            class="text-foreground text-xs"
          >
            Add a new group
          </p>
          <span
            class="text-4xs dark:text-slate-400 text-slate-500"
          >
            Share members' news feeds
          </span>
        </div>
      </button>
      <div
        class="p-4 flex w-full border-t border-slate-300 dark:border-slate-600 items-center justify-between group"
      >
        <div
          class="w-full flex items-center gap-3 cursor-pointer"
        >
          <span
            class="relative flex shrink-0 overflow-hidden rounded-full h-10 w-10"
            data-testid="avatar"
          >
            <span
              class="flex h-full w-full items-center justify-center rounded-full bg-muted"
            >
              TT
            </span>
          </span>
          <div
            class="flex flex-col"
          >
            <p
              class="text-foreground text-xs"
            >
              Test Group 1
            </p>
            <span
              class="text-4xs dark:text-slate-400 text-slate-500"
            >
              First test group
            </span>
          </div>
        </div>
        <div
          class="flex items-center gap-2"
        >
          <button
            aria-controls="radix-:r3:"
            aria-expanded="false"
            aria-haspopup="dialog"
            class="font-roboto inline-flex items-center justify-center whitespace-nowrap text-sm font-medium ring-offset-background transition-all duration-300 ease-in-out outline-none focus-visible:outline-none disabled:pointer-events-none disabled:opacity-50 focus:border-ring border rounded-full w-9 h-9 border-none hover:text-red-600"
            data-state="closed"
            type="button"
          >
            <svg
              class="lucide lucide-x"
              fill="none"
              height="20"
              stroke="currentColor"
              stroke-linecap="round"
              stroke-linejoin="round"
              stroke-width="2"
              viewBox="0 0 24 24"
              width="20"
              xmlns="http://www.w3.org/2000/svg"
            >
              <path
                d="M18 6 6 18"
              />
              <path
                d="m6 6 12 12"
              />
            </svg>
          </button>
        </div>
      </div>
      <div
        class="p-4 flex w-full border-t border-slate-300 dark:border-slate-600 items-center justify-between group"
      >
        <div
          class="w-full flex items-center gap-3 cursor-pointer"
        >
          <span
            class="relative flex shrink-0 overflow-hidden rounded-full h-10 w-10"
            data-testid="avatar"
          >
            <span
              class="flex h-full w-full items-center justify-center rounded-full bg-muted"
            >
              TT
            </span>
          </span>
          <div
            class="flex flex-col"
          >
            <p
              class="text-foreground text-xs"
            >
              Test Group 2
            </p>
            <span
              class="text-4xs dark:text-slate-400 text-slate-500"
            >
              Second test group
            </span>
          </div>
        </div>
        <div
          class="flex items-center gap-2"
        >
          <button
            aria-controls="radix-:r6:"
            aria-expanded="false"
            aria-haspopup="dialog"
            class="font-roboto inline-flex items-center justify-center whitespace-nowrap text-sm font-medium ring-offset-background transition-all duration-300 ease-in-out outline-none focus-visible:outline-none disabled:pointer-events-none disabled:opacity-50 focus:border-ring border rounded-full w-9 h-9 border-none hover:text-dark-900"
            data-state="closed"
            type="button"
          >
            <svg
              class="lucide lucide-log-out"
              fill="none"
              height="16"
              stroke="currentColor"
              stroke-linecap="round"
              stroke-linejoin="round"
              stroke-width="2"
              viewBox="0 0 24 24"
              width="16"
              xmlns="http://www.w3.org/2000/svg"
            >
              <path
                d="M9 21H5a2 2 0 0 1-2-2V5a2 2 0 0 1 2-2h4"
              />
              <polyline
                points="16 17 21 12 16 7"
              />
              <line
                x1="21"
                x2="9"
                y1="12"
                y2="12"
              />
            </svg>
          </button>
        </div>
      </div>
    </div>
  </div>
  <button
    class="font-roboto inline-flex items-center justify-center whitespace-nowrap rounded-lg text-sm font-medium ring-offset-background transition-all duration-300 ease-in-out outline-none focus-visible:outline-none disabled:pointer-events-none disabled:opacity-50 focus:border-ring border bg-primary text-white dark:hover:opacity-85 hover:opacity-75 hover:shadow-sphere-primary border-primary h-10 px-4 py-2"
  >
    Load More Groups
  </button>
</div>
`;
