// Jest Snapshot v1, https://goo.gl/fbAQLP

exports[`FriendTag matches snapshot 1`] = `
<div>
  <div
    class="flex items-center text-3xs text-white"
  >
    <a
      class="flex items-center border-none rounded-s-[4px] h-full bg-neutral-300 dark:bg-dark-900 hover:underline hover:bg-neutral-300 hover:dark:bg-dark-900 px-[9px]"
      href="/user-profile/johndoe/personal-info"
      title="John Doe"
    >
      John Doe
    </a>
    <button
      class="font-roboto inline-flex items-center justify-center whitespace-nowrap text-sm font-medium ring-offset-background transition-all duration-300 ease-in-out outline-none focus-visible:outline-none disabled:pointer-events-none disabled:opacity-50 focus:border-ring border rounded-none dark:text-neutral-100 p-0 border-none rounded-e-[4px] w-6 h-6 text-primary bg-gray-300 dark:bg-dark-300 hover:bg-gray-600 hover:dark:bg-dark-300"
    >
      <svg
        class="lucide lucide-x"
        fill="none"
        height="16"
        stroke="currentColor"
        stroke-linecap="round"
        stroke-linejoin="round"
        stroke-width="2"
        viewBox="0 0 24 24"
        width="16"
        xmlns="http://www.w3.org/2000/svg"
      >
        <path
          d="M18 6 6 18"
        />
        <path
          d="m6 6 12 12"
        />
      </svg>
    </button>
  </div>
</div>
`;
