// Jest Snapshot v1, https://goo.gl/fbAQLP

exports[`Panel Component matches snapshot 1`] = `
<div>
  <div
    class="rounded-md bg-card border border-gray-800 hover:shadow dark:border-dark-300 w-full"
  >
    <div
      class="p-5 flex flex-row justify-between"
    >
      <div
        class="flex items-center gap-3"
      >
        <svg
          class="lucide lucide-users"
          data-testid="start-icon"
          fill="none"
          height="24"
          stroke="currentColor"
          stroke-linecap="round"
          stroke-linejoin="round"
          stroke-width="2"
          viewBox="0 0 24 24"
          width="24"
          xmlns="http://www.w3.org/2000/svg"
        >
          <path
            d="M16 21v-2a4 4 0 0 0-4-4H6a4 4 0 0 0-4 4v2"
          />
          <circle
            cx="9"
            cy="7"
            r="4"
          />
          <path
            d="M22 21v-2a4 4 0 0 0-3-3.87"
          />
          <path
            d="M16 3.13a4 4 0 0 1 0 7.75"
          />
        </svg>
        <h3
          class="font-roboto font-medium text-md leading-6"
        >
          Test Panel
        </h3>
      </div>
      <div
        class="flex items-center gap-3"
      >
        <div
          class="relative"
        >
          <button
            class="font-roboto inline-flex items-center justify-center whitespace-nowrap rounded-lg text-sm font-medium ring-offset-background transition-all duration-300 ease-in-out outline-none focus-visible:outline-none disabled:pointer-events-none disabled:opacity-50 focus:border-ring border bg-white hover:bg-blue-100 hover:border-blue-100 hover:shadow-sphere-primary dark:hover:bg-blue-100 border-gray-800 dark:border-dark-500 dark:bg-dark-100 h-10 px-4 py-2 dark:text-neutral-50 text-neutral-600"
          >
            Add Item
          </button>
          <span
            class="absolute top-[-8px] left-[-15px] flex items-center justify-center ml-2 min-w-6 h-6 bg-blue-600 rounded-full text-2xs text-white"
          >
            5
          </span>
        </div>
        <button
          aria-label="See More"
          class="font-roboto inline-flex items-center justify-center whitespace-nowrap text-sm font-medium ring-offset-background transition-all duration-300 ease-in-out outline-none focus-visible:outline-none disabled:pointer-events-none disabled:opacity-50 focus:border-ring border rounded-full h-10 w-10 hover:bg-muted"
        >
          <svg
            class="lucide lucide-ellipsis-vertical"
            fill="none"
            height="24"
            stroke="currentColor"
            stroke-linecap="round"
            stroke-linejoin="round"
            stroke-width="2"
            viewBox="0 0 24 24"
            width="24"
            xmlns="http://www.w3.org/2000/svg"
          >
            <circle
              cx="12"
              cy="12"
              r="1"
            />
            <circle
              cx="12"
              cy="5"
              r="1"
            />
            <circle
              cx="12"
              cy="19"
              r="1"
            />
          </svg>
        </button>
      </div>
    </div>
    <div
      class="p-5 pt-0 flex flex-col md:flex-row gap-5"
    >
      <div
        data-testid="panel-content"
      >
        Panel Content
      </div>
    </div>
  </div>
</div>
`;
