// Jest Snapshot v1, https://goo.gl/fbAQLP

exports[`GroupFormDialog matches snapshot 1`] = `
<div
  aria-hidden="true"
  data-aria-hidden="true"
/>
`;

exports[`GroupFormDialog matches snapshot when loading 1`] = `
<div
  aria-hidden="true"
  data-aria-hidden="true"
/>
`;

exports[`GroupFormDialog matches snapshot without initial values 1`] = `
<div
  aria-hidden="true"
  data-aria-hidden="true"
/>
`;
